Icarus Verilog simulation log
==================================================
Command: /usr/bin/vvp -n results/issue-50/data/spi_simulation
Simulation time: 100us
VCD file: results/issue-50/data/spi_waveform.vcd
Start time: /home/runner/work/spi-customizer/spi-customizer

Return code: 0
STDOUT:
VCD info: dumpfile results/issue-50/data/spi_waveform.vcd opened for output.
=== SPI Master RTL Testbench Starting ===
Configuration: Mode           3,           3-bit data,           3 slaves
--- Testing Core SPI Functionality ---
TX Data: 0x2
✓ Transmission complete
TX Data: 0x1
✓ Second transmission complete
--- Testing Reception ---
✓ Reception complete
--- Testing Burst Transmission ---
Burst TX: 0x0
✓ Burst transmission complete
--- Testing Configuration ---
Config TX: 0x3
✓ Configuration test complete
=== All Master Tests Completed Successfully ===
results/issue-50/code/spi_master_tb.v:158: $finish called at 1790000 (1ps)

