Icarus Verilog simulation log
==================================================
Command: /usr/bin/vvp -n results/issue-1/data/spi_simulation
Simulation time: 100us
VCD file: results/issue-1/data/spi_waveform.vcd
Working directory: /home/runner/work/spi-customizer/spi-customizer

Return code: 0
STDOUT:
VCD info: dumpfile results/issue-1/data/spi_waveform.vcd opened for output.
=== SPI Dual Mode RTL Testbench Starting ===
Configuration: Mode           3,           8-bit data, Dual mode
--- Testing Master Mode ---
TX Data: 0xa5
Master transmission complete
--- Switched to Slave Mode ---
Simulating SPI master transaction to test slave mode
Slave selected (SS asserted low)
✓ Slave mode SPI transaction complete - sent 0x5A
=== All Dual Mode Tests Completed Successfully ===
results/issue-1/code/spi_dual_tb.v:205: $finish called at 2570000 (1ps)

